// Jest Snapshot v1, https://goo.gl/fbAQLP

exports[`ModalContainer Component mounted ModalContainer mounted correctly 1`] = `<!---->`;
